// Jest Snapshot v1, https://goo.gl/fbAQLP

exports[`test lazy background-image 1`] = `"<img style=\\"background-image: url(data:image/gif;base64,R0lGODlhAQABAIAAAP///wAAACH5BAEAAAAALAAAAAABAAEAAAICRAEAOw==);\\">"`;

exports[`test lazy background-image 2`] = `"<img style=\\"background-image: url(https://varlet.gitee.io/varlet-ui/cat.jpg);\\">"`;

exports[`test lazy error with attempt 1`] = `"<img lazy-error=\\"https://varlet.gitee.io/varlet-ui/error.jpg\\" src=\\"data:image/gif;base64,R0lGODlhAQABAIAAAP///wAAACH5BAEAAAAALAAAAAABAAEAAAICRAEAOw==\\">"`;

exports[`test lazy error with attempt 2`] = `"<img lazy-error=\\"https://varlet.gitee.io/varlet-ui/error.jpg\\" src=\\"data:image/gif;base64,R0lGODlhAQABAIAAAP///wAAACH5BAEAAAAALAAAAAABAAEAAAICRAEAOw==\\">"`;

exports[`test lazy error with attempt 3`] = `"<img lazy-error=\\"https://varlet.gitee.io/varlet-ui/error.jpg\\" src=\\"data:image/gif;base64,R0lGODlhAQABAIAAAP///wAAACH5BAEAAAAALAAAAAABAAEAAAICRAEAOw==\\">"`;

exports[`test lazy error with attempt 4`] = `"<img lazy-error=\\"https://varlet.gitee.io/varlet-ui/error.jpg\\" src=\\"https://varlet.gitee.io/varlet-ui/error.jpg\\">"`;

exports[`test lazy example 1`] = `
"<div class=\\"app-type\\">基本使用</div><img class=\\"lazy-example-cat\\" src=\\"data:image/gif;base64,R0lGODlhAQABAIAAAP///wAAACH5BAEAAAAALAAAAAABAAEAAAICRAEAOw==\\"><img class=\\"lazy-example-cat\\" src=\\"data:image/gif;base64,R0lGODlhAQABAIAAAP///wAAACH5BAEAAAAALAAAAAABAAEAAAICRAEAOw==\\"><img class=\\"lazy-example-cat\\" src=\\"data:image/gif;base64,R0lGODlhAQABAIAAAP///wAAACH5BAEAAAAALAAAAAABAAEAAAICRAEAOw==\\"><img class=\\"lazy-example-cat\\" src=\\"data:image/gif;base64,R0lGODlhAQABAIAAAP///wAAACH5BAEAAAAALAAAAAABAAEAAAICRAEAOw==\\"><img class=\\"lazy-example-cat\\" src=\\"data:image/gif;base64,R0lGODlhAQABAIAAAP///wAAACH5BAEAAAAALAAAAAABAAEAAAICRAEAOw==\\">
<div class=\\"app-type\\">背景图懒加载</div>
<div class=\\"lazy-example-cat\\" style=\\"background-image: url(data:image/gif;base64,R0lGODlhAQABAIAAAP///wAAACH5BAEAAAAALAAAAAABAAEAAAICRAEAOw==);\\"></div>"
`;

exports[`test lazy load 1`] = `"<img lazy-error=\\"https://varlet.gitee.io/varlet-ui/error.jpg\\" src=\\"data:image/gif;base64,R0lGODlhAQABAIAAAP///wAAACH5BAEAAAAALAAAAAABAAEAAAICRAEAOw==\\">"`;

exports[`test lazy load 2`] = `"<img lazy-error=\\"https://varlet.gitee.io/varlet-ui/error.jpg\\" src=\\"https://varlet.gitee.io/varlet-ui/cat.jpg\\">"`;

exports[`test lazy updated 1`] = `"<img lazy-error=\\"https://varlet.gitee.io/varlet-ui/error.jpg\\" src=\\"data:image/gif;base64,R0lGODlhAQABAIAAAP///wAAACH5BAEAAAAALAAAAAABAAEAAAICRAEAOw==\\">"`;

exports[`test lazy updated 2`] = `"<img lazy-error=\\"https://varlet.gitee.io/varlet-ui/error.jpg\\" src=\\"https://varlet.gitee.io/varlet-ui/cat.jpg\\">"`;

exports[`test lazy updated 3`] = `"<img lazy-error=\\"https://varlet.gitee.io/varlet-ui/error.jpg\\" src=\\"https://varlet.gitee.io/varlet-ui/dog.jpg\\">"`;
