// Jest Snapshot v1, https://goo.gl/fbAQLP

exports[`test cell example 1`] = `
"<div class=\\"app-type\\">基本使用</div>
<div class=\\"var-cell\\">
  <!--v-if-->
  <div class=\\"var-cell__content\\">
    <div class=\\"var-cell__title\\">这是单元格</div>
    <!--v-if-->
  </div>
  <!--v-if-->
</div>
<div class=\\"var-cell\\">
  <!--v-if-->
  <div class=\\"var-cell__content\\">
    <div class=\\"var-cell__title\\">这是单元格</div>
    <!--v-if-->
  </div>
  <!--v-if-->
</div>
<div class=\\"app-type\\">显示图标</div>
<div class=\\"var-cell\\">
  <div class=\\"var-cell__icon\\"><i class=\\"var-icon var-icon--set var-icon-fire var--flex\\" style=\\"transition: transform 0ms;\\"></i></div>
  <div class=\\"var-cell__content\\">
    <div class=\\"var-cell__title\\">这是单元格</div>
    <!--v-if-->
  </div>
  <div class=\\"var-cell__extra\\"><i class=\\"var-icon var-icon--set var-icon-information\\" style=\\"transition: transform 0ms;\\"></i></div>
</div>
<div class=\\"var-cell\\">
  <div class=\\"var-cell__icon\\"><i class=\\"var-icon var-icon--set var-icon-fire var--flex\\" style=\\"transition: transform 0ms;\\"></i></div>
  <div class=\\"var-cell__content\\">
    <div class=\\"var-cell__title\\">这是单元格</div>
    <!--v-if-->
  </div>
  <div class=\\"var-cell__extra\\"><i class=\\"var-icon var-icon--set var-icon-information\\" style=\\"transition: transform 0ms;\\"></i></div>
</div>
<div class=\\"app-type\\">显示描述</div>
<div class=\\"var-cell\\">
  <div class=\\"var-cell__icon\\"><i class=\\"var-icon var-icon--set var-icon-fire var--flex\\" style=\\"transition: transform 0ms;\\"></i></div>
  <div class=\\"var-cell__content\\">
    <div class=\\"var-cell__title\\">这是单元格</div>
    <div class=\\"var-cell__desc\\">描述</div>
  </div>
  <div class=\\"var-cell__extra\\"><i class=\\"var-icon var-icon--set var-icon-information\\" style=\\"transition: transform 0ms;\\"></i></div>
</div>
<div class=\\"var-cell\\">
  <!--v-if-->
  <div class=\\"var-cell__content\\">
    <div class=\\"var-cell__title\\">这是单元格</div>
    <div class=\\"var-cell__desc\\">描述</div>
  </div>
  <!--v-if-->
</div>
<div class=\\"app-type\\">显示边框</div>
<div class=\\"var-cell var-cell--border\\">
  <!--v-if-->
  <div class=\\"var-cell__content\\">
    <div class=\\"var-cell__title\\">这是单元格</div>
    <!--v-if-->
  </div>
  <!--v-if-->
</div>
<div class=\\"var-cell var-cell--border\\">
  <!--v-if-->
  <div class=\\"var-cell__content\\">
    <div class=\\"var-cell__title\\">这是单元格</div>
    <!--v-if-->
  </div>
  <!--v-if-->
</div>"
`;

exports[`test cell props 1`] = `
"<div class=\\"var-cell var-cell--border\\">
  <div class=\\"var-cell__icon test-icon-class\\"><i class=\\"var-icon var-icon--set var-icon-fire var--flex\\" style=\\"transition: transform 0ms;\\"></i></div>
  <div class=\\"var-cell__content\\">
    <div class=\\"var-cell__title test-title-class\\">This is Cell</div>
    <div class=\\"var-cell__desc test-desc-class\\">This is desc</div>
  </div>
  <div class=\\"var-cell__extra test-extra-class\\">text</div>
</div>"
`;
