// Jest Snapshot v1, https://goo.gl/fbAQLP

exports[`test disabled prop 1`] = `
"<div class=\\"var-pull-refresh\\">
  <div class=\\"var-pull-refresh__control var-elevation--2\\" style=\\"transform: translate3d(0px, -50px, 0px) translate(-50%, 0);\\"><i class=\\"var-icon var-icon--set var-icon-arrow-down var-pull-refresh__icon\\" style=\\"transition: transform 150ms;\\" var-pull-refresh-cover=\\"\\"></i></div>
  <div style=\\"height: 200px; width: 100%;\\"></div>
</div>"
`;

exports[`test pull-refresh event 1`] = `
"<div class=\\"var-pull-refresh\\">
  <div class=\\"var-pull-refresh__control var-elevation--2\\" style=\\"transform: translate3d(0px, -50px, 0px) translate(-50%, 0);\\"><i class=\\"var-icon var-icon--set var-icon-arrow-down var-pull-refresh__icon\\" style=\\"transition: transform 150ms;\\" var-pull-refresh-cover=\\"\\"></i></div>
  <div style=\\"height: 200px; width: 100%;\\"></div>
</div>"
`;

exports[`test pullRefresh example 1`] = `
"<div class=\\"var-pull-refresh\\">
  <div class=\\"var-pull-refresh__control var-elevation--2\\" style=\\"transform: translate3d(0px, -50px, 0px) translate(-50%, 0);\\"><i class=\\"var-icon var-icon--set var-icon-arrow-down var-pull-refresh__icon\\" style=\\"transition: transform 150ms;\\" var-pull-refresh-cover=\\"\\"></i></div>
  <div class=\\"var-cell var-cell--border\\">
    <!--v-if-->
    <div class=\\"var-cell__content\\">
      <div class=\\"var-cell__title\\">List Item 1</div>
      <!--v-if-->
    </div>
    <!--v-if-->
  </div>
  <div class=\\"var-cell var-cell--border\\">
    <!--v-if-->
    <div class=\\"var-cell__content\\">
      <div class=\\"var-cell__title\\">List Item 2</div>
      <!--v-if-->
    </div>
    <!--v-if-->
  </div>
  <div class=\\"var-cell var-cell--border\\">
    <!--v-if-->
    <div class=\\"var-cell__content\\">
      <div class=\\"var-cell__title\\">List Item 3</div>
      <!--v-if-->
    </div>
    <!--v-if-->
  </div>
  <div class=\\"var-cell var-cell--border\\">
    <!--v-if-->
    <div class=\\"var-cell__content\\">
      <div class=\\"var-cell__title\\">List Item 4</div>
      <!--v-if-->
    </div>
    <!--v-if-->
  </div>
  <div class=\\"var-cell var-cell--border\\">
    <!--v-if-->
    <div class=\\"var-cell__content\\">
      <div class=\\"var-cell__title\\">List Item 5</div>
      <!--v-if-->
    </div>
    <!--v-if-->
  </div>
  <div class=\\"var-cell var-cell--border\\">
    <!--v-if-->
    <div class=\\"var-cell__content\\">
      <div class=\\"var-cell__title\\">List Item 6</div>
      <!--v-if-->
    </div>
    <!--v-if-->
  </div>
  <div class=\\"var-cell var-cell--border\\">
    <!--v-if-->
    <div class=\\"var-cell__content\\">
      <div class=\\"var-cell__title\\">List Item 7</div>
      <!--v-if-->
    </div>
    <!--v-if-->
  </div>
  <div class=\\"var-cell var-cell--border\\">
    <!--v-if-->
    <div class=\\"var-cell__content\\">
      <div class=\\"var-cell__title\\">List Item 8</div>
      <!--v-if-->
    </div>
    <!--v-if-->
  </div>
  <div class=\\"var-cell var-cell--border\\">
    <!--v-if-->
    <div class=\\"var-cell__content\\">
      <div class=\\"var-cell__title\\">List Item 9</div>
      <!--v-if-->
    </div>
    <!--v-if-->
  </div>
  <div class=\\"var-cell var-cell--border\\">
    <!--v-if-->
    <div class=\\"var-cell__content\\">
      <div class=\\"var-cell__title\\">List Item 10</div>
      <!--v-if-->
    </div>
    <!--v-if-->
  </div>
</div>"
`;

exports[`test the different states during the drop-down process 1`] = `
"<div class=\\"var-pull-refresh\\">
  <div class=\\"var-pull-refresh__control var-elevation--2\\" style=\\"transform: translate3d(0px, -50px, 0px) translate(-50%, 0); color: purple; background: rgb(0, 0, 0);\\"><i class=\\"var-icon var-icon--set var-icon-arrow-down var-pull-refresh__icon\\" style=\\"transition: transform 150ms;\\" var-pull-refresh-cover=\\"\\"></i></div>
  <div style=\\"height: 200px; width: 100%;\\"></div>
</div>"
`;

exports[`test the different states during the drop-down process 2`] = `
"<div class=\\"var-pull-refresh\\">
  <div class=\\"var-pull-refresh__control var-elevation--2\\" style=\\"transform: translate3d(0px, 50px, 0px) translate(-50%, 0); color: purple; background: rgb(0, 0, 0);\\"><i class=\\"var-icon var-icon--set var-icon-arrow-down var-icon--shrinking var-pull-refresh__icon\\" style=\\"transition: transform 150ms;\\" var-pull-refresh-cover=\\"\\"></i></div>
  <div style=\\"height: 200px; width: 100%;\\"></div>
</div>"
`;

exports[`test the different states during the drop-down process 3`] = `
"<div class=\\"var-pull-refresh\\">
  <div class=\\"var-pull-refresh__control var-elevation--2\\" style=\\"transform: translate3d(0px, 50px, 0px) translate(-50%, 0); color: purple; transition: transform 300ms; background: rgb(0, 0, 0);\\"><i class=\\"var-icon var-icon--set var-icon-arrow-down var-icon--shrinking var-pull-refresh__icon\\" style=\\"transition: transform 150ms;\\" var-pull-refresh-cover=\\"\\"></i></div>
  <div style=\\"height: 200px; width: 100%;\\"></div>
</div>"
`;
