// Vitest Snapshot v1, https://vitest.dev/guide/snapshot.html

exports[`test safe area 1`] = `"<div data-v-app=""><!--teleport start--><!--teleport end--></div><div class="var--box var-popup" style="z-index: 1998;"><div class="var-popup__overlay" style="z-index: 1999;"></div><div class="var-popup__content var-popup--bottom var-popup--content-background-color var-elevation--3 var-popup--safe-area var-picker__popup" style="z-index: 2000;" var-picker-cover=""><div class="var-picker"><div class="var-picker__toolbar"><button class="var-button var--box var-button--normal var--inline-flex var-button--text-default var-button--text var-picker__cancel-button" type="button" var-picker-cover=""><!--v-if--><div class="var-button__content">取消</div><div class="var-hover-overlay"></div></button><div class="var-picker__title">请选择</div><button class="var-button var--box var-button--normal var--inline-flex var-button--text-default var-button--text var-picker__confirm-button" type="button" var-picker-cover=""><!--v-if--><div class="var-button__content">确认</div><div class="var-hover-overlay"></div></button></div><div class="var-picker__columns" style="height: 264px;"><div class="var-picker__column"><div class="var-picker__scroller" style="transform: translateY(110px); transition-duration: 0ms; transition-property: none;"><div class="var-picker__option" style="height: 44px;"><div class="var-picker__text">A</div></div><div class="var-picker__option" style="height: 44px;"><div class="var-picker__text">B</div></div><div class="var-picker__option" style="height: 44px;"><div class="var-picker__text">C</div></div></div></div><div class="var-picker__picked" style="top: 110px; height: 44px;"></div><div class="var-picker__mask" style="background-size: 100% 110px;"></div></div></div></div></div>"`;
