// Jest Snapshot v1, https://goo.gl/fbAQLP

exports[`test tooltip click trigger 1`] = `"<div data-v-app=\\"\\"><div class=\\"var-tooltip\\"><!--teleport start--><!--teleport end--></div></div><div style=\\"z-index: 2001; position: absolute; left: 0px; top: 0px; margin: 0px; transform: translate(0px, 0px);\\" class=\\"var-tooltip__tooltip var-tooltip--tooltip-background-color var-tooltip--default var-tooltip--margin-bottom\\" data-popper-placement=\\"bottom\\">Tooltip</div>"`;

exports[`test tooltip click trigger 2`] = `"<div data-v-app=\\"\\"><div class=\\"var-tooltip\\"><!--teleport start--><!--teleport end--></div></div><div style=\\"z-index: 2001; position: absolute; left: 0px; top: 0px; margin: 0px; transform: translate(0px, 0px);\\" class=\\"var-tooltip__tooltip var-tooltip--tooltip-background-color var-tooltip--default var-tooltip--margin-bottom\\" data-popper-placement=\\"bottom\\">Tooltip</div>"`;

exports[`test tooltip color 1`] = `"<div style=\\"z-index: 2002; background: rgb(0, 0, 0); display: none; position: absolute; left: 0px; top: 0px; margin: 0px; transform: translate(0px, 0px);\\" class=\\"var-tooltip__tooltip var-tooltip--tooltip-background-color var-tooltip--default var-tooltip--margin-bottom\\" data-popper-placement=\\"bottom\\">Tooltip</div>"`;

exports[`test tooltip content 1`] = `"<div style=\\"z-index: 2002; display: none; position: absolute; left: 0px; top: 0px; margin: 0px; transform: translate(0px, 0px);\\" class=\\"var-tooltip__tooltip var-tooltip--tooltip-background-color var-tooltip--default var-tooltip--margin-bottom\\" data-popper-placement=\\"bottom\\">test tooltip</div>"`;

exports[`test tooltip default style 1`] = `"<transition-stub><div style=\\"z-index: 2002; display: none; position: absolute; left: 0px; top: 0px; margin: 0px; transform: translate(0px, 0px);\\" class=\\"var-tooltip__tooltip var-tooltip--default var-tooltip--margin-bottom\\" data-popper-placement=\\"bottom\\">Tooltip</div></transition-stub>"`;

exports[`test tooltip hover the tooltip list 1`] = `"<div style=\\"z-index: 2003; position: absolute; left: 0px; top: 0px; margin: 0px; transform: translate(0px, 0px); display: none;\\" class=\\"var-tooltip__tooltip var-tooltip--tooltip-background-color var-tooltip--default var-tooltip--margin-bottom\\" data-popper-placement=\\"bottom\\">Tooltip</div>"`;

exports[`test tooltip hover trigger and events 1`] = `"<div style=\\"z-index: 2002; position: absolute; left: 0px; top: 0px; margin: 0px; transform: translate(0px, 0px);\\" class=\\"var-tooltip__tooltip var-tooltip--tooltip-background-color var-tooltip--default var-tooltip--margin-bottom\\" data-popper-placement=\\"bottom\\">Tooltip</div>"`;

exports[`test tooltip hover trigger and events 2`] = `"<div style=\\"z-index: 2002; position: absolute; left: 0px; top: 0px; margin: 0px; transform: translate(0px, 0px); display: none;\\" class=\\"var-tooltip__tooltip var-tooltip--tooltip-background-color var-tooltip--default var-tooltip--margin-bottom\\" data-popper-placement=\\"bottom\\">Tooltip</div>"`;

exports[`test tooltip offset 1`] = `"<div style=\\"z-index: 2002; display: none; position: absolute; left: 0px; top: 0px; margin: 0px; transform: translate(100px, 100px);\\" class=\\"var-tooltip__tooltip var-tooltip--tooltip-background-color var-tooltip--default var-tooltip--margin-bottom\\" data-popper-placement=\\"bottom\\">Tooltip</div>"`;

exports[`test tooltip placement 1`] = `"<div style=\\"z-index: 2000; display: none; position: absolute; left: 0px; top: 0px; margin: 0px; bottom: 0px; transform: translate(0px, 0px);\\" class=\\"var-tooltip__tooltip var-tooltip--tooltip-background-color var-tooltip--default var-tooltip--margin-top\\" data-popper-placement=\\"top\\">Tooltip</div>"`;

exports[`test tooltip placement 2`] = `"<div style=\\"z-index: 2000; display: none; position: absolute; left: 0px; top: 0px; margin: 0px; bottom: 0px; transform: translate(0px, 0px);\\" class=\\"var-tooltip__tooltip var-tooltip--tooltip-background-color var-tooltip--default var-tooltip--margin-top-start\\" data-popper-placement=\\"top-start\\">Tooltip</div>"`;

exports[`test tooltip placement 3`] = `"<div style=\\"z-index: 2000; display: none; position: absolute; left: 0px; top: 0px; margin: 0px; right: 0px; bottom: 0px; transform: translate(0px, 0px);\\" class=\\"var-tooltip__tooltip var-tooltip--tooltip-background-color var-tooltip--default var-tooltip--margin-top-end\\" data-popper-placement=\\"top-end\\">Tooltip</div>"`;

exports[`test tooltip placement 4`] = `"<div style=\\"z-index: 2000; display: none; position: absolute; left: 0px; top: 0px; margin: 0px; transform: translate(0px, 0px);\\" class=\\"var-tooltip__tooltip var-tooltip--tooltip-background-color var-tooltip--default var-tooltip--margin-bottom\\" data-popper-placement=\\"bottom\\">Tooltip</div>"`;

exports[`test tooltip placement 5`] = `"<div style=\\"z-index: 2000; display: none; position: absolute; left: 0px; top: 0px; margin: 0px; transform: translate(0px, 0px);\\" class=\\"var-tooltip__tooltip var-tooltip--tooltip-background-color var-tooltip--default var-tooltip--margin-bottom-start\\" data-popper-placement=\\"bottom-start\\">Tooltip</div>"`;

exports[`test tooltip placement 6`] = `"<div style=\\"z-index: 2000; display: none; position: absolute; left: 0px; top: 0px; margin: 0px; right: 0px; transform: translate(0px, 0px);\\" class=\\"var-tooltip__tooltip var-tooltip--tooltip-background-color var-tooltip--default var-tooltip--margin-bottom-end\\" data-popper-placement=\\"bottom-end\\">Tooltip</div>"`;

exports[`test tooltip placement 7`] = `"<div style=\\"z-index: 2000; display: none; position: absolute; left: 0px; top: 0px; margin: 0px; transform: translate(0px, 0px);\\" class=\\"var-tooltip__tooltip var-tooltip--tooltip-background-color var-tooltip--default var-tooltip--margin-right\\" data-popper-placement=\\"right\\">Tooltip</div>"`;

exports[`test tooltip placement 8`] = `"<div style=\\"z-index: 2000; display: none; position: absolute; left: 0px; top: 0px; margin: 0px; transform: translate(0px, 0px);\\" class=\\"var-tooltip__tooltip var-tooltip--tooltip-background-color var-tooltip--default var-tooltip--margin-right-start\\" data-popper-placement=\\"right-start\\">Tooltip</div>"`;

exports[`test tooltip placement 9`] = `"<div style=\\"z-index: 2000; display: none; position: absolute; left: 0px; top: 0px; margin: 0px; bottom: 0px; transform: translate(0px, 0px);\\" class=\\"var-tooltip__tooltip var-tooltip--tooltip-background-color var-tooltip--default var-tooltip--margin-right-end\\" data-popper-placement=\\"right-end\\">Tooltip</div>"`;

exports[`test tooltip placement 10`] = `"<div style=\\"z-index: 2000; display: none; position: absolute; left: 0px; top: 0px; margin: 0px; right: 0px; transform: translate(0px, 0px);\\" class=\\"var-tooltip__tooltip var-tooltip--tooltip-background-color var-tooltip--default var-tooltip--margin-left\\" data-popper-placement=\\"left\\">Tooltip</div>"`;

exports[`test tooltip placement 11`] = `"<div style=\\"z-index: 2000; display: none; position: absolute; left: 0px; top: 0px; margin: 0px; right: 0px; transform: translate(0px, 0px);\\" class=\\"var-tooltip__tooltip var-tooltip--tooltip-background-color var-tooltip--default var-tooltip--margin-left-start\\" data-popper-placement=\\"left-start\\">Tooltip</div>"`;

exports[`test tooltip placement 12`] = `"<div style=\\"z-index: 2000; display: none; position: absolute; left: 0px; top: 0px; margin: 0px; right: 0px; bottom: 0px; transform: translate(0px, 0px);\\" class=\\"var-tooltip__tooltip var-tooltip--tooltip-background-color var-tooltip--default var-tooltip--margin-left-end\\" data-popper-placement=\\"left-end\\">Tooltip</div>"`;

exports[`test tooltip type 1`] = `"<div style=\\"z-index: 2002; display: none; position: absolute; left: 0px; top: 0px; margin: 0px; transform: translate(0px, 0px);\\" class=\\"var-tooltip__tooltip var-tooltip--tooltip-background-color var-tooltip--default var-tooltip--margin-bottom\\" data-popper-placement=\\"bottom\\">Tooltip</div>"`;

exports[`test tooltip type 2`] = `"<div style=\\"z-index: 2002; display: none; position: absolute; left: 0px; top: 0px; margin: 0px; transform: translate(0px, 0px);\\" class=\\"var-tooltip__tooltip var-tooltip--tooltip-background-color var-tooltip--primary var-tooltip--margin-bottom\\" data-popper-placement=\\"bottom\\">Tooltip</div>"`;

exports[`test tooltip type 3`] = `"<div style=\\"z-index: 2002; display: none; position: absolute; left: 0px; top: 0px; margin: 0px; transform: translate(0px, 0px);\\" class=\\"var-tooltip__tooltip var-tooltip--tooltip-background-color var-tooltip--info var-tooltip--margin-bottom\\" data-popper-placement=\\"bottom\\">Tooltip</div>"`;

exports[`test tooltip type 4`] = `"<div style=\\"z-index: 2002; display: none; position: absolute; left: 0px; top: 0px; margin: 0px; transform: translate(0px, 0px);\\" class=\\"var-tooltip__tooltip var-tooltip--tooltip-background-color var-tooltip--success var-tooltip--margin-bottom\\" data-popper-placement=\\"bottom\\">Tooltip</div>"`;

exports[`test tooltip type 5`] = `"<div style=\\"z-index: 2002; display: none; position: absolute; left: 0px; top: 0px; margin: 0px; transform: translate(0px, 0px);\\" class=\\"var-tooltip__tooltip var-tooltip--tooltip-background-color var-tooltip--warning var-tooltip--margin-bottom\\" data-popper-placement=\\"bottom\\">Tooltip</div>"`;

exports[`test tooltip type 6`] = `"<div style=\\"z-index: 2002; display: none; position: absolute; left: 0px; top: 0px; margin: 0px; transform: translate(0px, 0px);\\" class=\\"var-tooltip__tooltip var-tooltip--tooltip-background-color var-tooltip--danger var-tooltip--margin-bottom\\" data-popper-placement=\\"bottom\\">Tooltip</div>"`;
