// Jest Snapshot v1, https://goo.gl/fbAQLP

exports[`test hover style binding 1`] = `"<div style=\\"color: rgb(1, 1, 1);\\"></div>"`;

exports[`test hover style binding 2`] = `"<div style=\\"\\"></div>"`;

exports[`test hover style binding on update 1`] = `"<div style=\\"color: rgb(1, 1, 1);\\">2</div>"`;

exports[`test hover style binding restore 1`] = `"<div style=\\"color: rgb(255, 255, 255);\\"></div>"`;

exports[`test hover style binding restore 2`] = `"<div style=\\"color: rgb(1, 1, 1);\\"></div>"`;

exports[`test hover style binding restore 3`] = `"<div style=\\"color: rgb(255, 255, 255);\\"></div>"`;
