// Jest Snapshot v1, https://goo.gl/fbAQLP

exports[`test click anchor to trigger change event 1`] = `
"<div style=\\"height: 50px; overflow: auto;\\">
  <div class=\\"var-index-bar\\">
    <div class=\\"var-sticky\\" style=\\"z-index: 1; width: 0px; height: 0px;\\">
      <div class=\\"var-sticky__wrapper\\" style=\\"z-index: 1; position: fixed; width: 0px; height: 0px; left: 0px; top: 0px;\\">
        <div class=\\"var-index-anchor\\">test A</div>
      </div>
    </div>
    <p>test</p>
    <p>test</p>
    <p>test</p>
    <p>test</p>
    <p>test</p>
    <div class=\\"var-sticky\\" style=\\"z-index: 1; width: 0px; height: 0px;\\">
      <div class=\\"var-sticky__wrapper\\" style=\\"z-index: 1; position: fixed; width: 0px; height: 0px; left: 0px; top: 0px;\\">
        <div class=\\"var-index-anchor\\">test B</div>
      </div>
    </div>
    <p>test</p>
    <p>test</p>
    <p>test</p>
    <p>test</p>
    <p>test</p>
    <div class=\\"var-sticky\\" style=\\"z-index: 1; width: 0px; height: 0px;\\">
      <div class=\\"var-sticky__wrapper\\" style=\\"z-index: 1; position: fixed; width: 0px; height: 0px; left: 0px; top: 0px;\\">
        <div class=\\"var-index-anchor\\">test C</div>
      </div>
    </div>
    <p>test</p>
    <p>test</p>
    <p>test</p>
    <p>test</p>
    <p>test</p>
    <div class=\\"var-sticky\\" style=\\"z-index: 1; width: 0px; height: 0px;\\">
      <div class=\\"var-sticky__wrapper\\" style=\\"z-index: 1; position: fixed; width: 0px; height: 0px; left: 0px; top: 0px;\\">
        <div class=\\"var-index-anchor\\">test D</div>
      </div>
    </div>
    <p>test</p>
    <p>test</p>
    <p>test</p>
    <p>test</p>
    <p>test</p>
    <div class=\\"var-sticky\\" style=\\"z-index: 1; width: 0px; height: 0px;\\">
      <div class=\\"var-sticky__wrapper\\" style=\\"z-index: 1; position: fixed; width: 0px; height: 0px; left: 0px; top: 0px;\\">
        <div class=\\"var-index-anchor\\">test E</div>
      </div>
    </div>
    <ul class=\\"var-index-bar__anchor-list\\" style=\\"z-index: 3; display: block;\\">
      <li class=\\"var-index-bar__anchor-item\\" style=\\"\\">A</li>
      <li class=\\"var-index-bar__anchor-item var-index-bar__anchor-item--active\\" style=\\"color: purple;\\">B</li>
      <li class=\\"var-index-bar__anchor-item\\">C</li>
      <li class=\\"var-index-bar__anchor-item\\">D</li>
      <li class=\\"var-index-bar__anchor-item\\">E</li>
    </ul>
  </div>
</div>"
`;

exports[`test indexBar example 1`] = `
"<div class=\\"var-index-bar\\">
  <div>
    <div class=\\"var-sticky\\" style=\\"z-index: 1; width: 0px; height: 0px;\\">
      <div class=\\"var-sticky__wrapper\\" style=\\"z-index: 1; position: fixed; width: 0px; height: 0px; left: 0px; top: 50px;\\">
        <div class=\\"var-index-anchor var-index-anchor__example\\">标题 A</div>
      </div>
    </div>
    <div class=\\"var-cell\\">
      <!--v-if-->
      <div class=\\"var-cell__content\\">
        <div class=\\"var-cell__title\\">A 文本</div>
        <!--v-if-->
      </div>
      <!--v-if-->
    </div>
    <div class=\\"var-cell\\">
      <!--v-if-->
      <div class=\\"var-cell__content\\">
        <div class=\\"var-cell__title\\">A 文本</div>
        <!--v-if-->
      </div>
      <!--v-if-->
    </div>
  </div>
  <div>
    <div class=\\"var-sticky\\" style=\\"z-index: 1; width: 0px; height: 0px;\\">
      <div class=\\"var-sticky__wrapper\\" style=\\"z-index: 1; position: fixed; width: 0px; height: 0px; left: 0px; top: 50px;\\">
        <div class=\\"var-index-anchor var-index-anchor__example\\">标题 B</div>
      </div>
    </div>
    <div class=\\"var-cell\\">
      <!--v-if-->
      <div class=\\"var-cell__content\\">
        <div class=\\"var-cell__title\\">B 文本</div>
        <!--v-if-->
      </div>
      <!--v-if-->
    </div>
    <div class=\\"var-cell\\">
      <!--v-if-->
      <div class=\\"var-cell__content\\">
        <div class=\\"var-cell__title\\">B 文本</div>
        <!--v-if-->
      </div>
      <!--v-if-->
    </div>
  </div>
  <div>
    <div class=\\"var-sticky\\" style=\\"z-index: 1; width: 0px; height: 0px;\\">
      <div class=\\"var-sticky__wrapper\\" style=\\"z-index: 1; position: fixed; width: 0px; height: 0px; left: 0px; top: 50px;\\">
        <div class=\\"var-index-anchor var-index-anchor__example\\">标题 C</div>
      </div>
    </div>
    <div class=\\"var-cell\\">
      <!--v-if-->
      <div class=\\"var-cell__content\\">
        <div class=\\"var-cell__title\\">C 文本</div>
        <!--v-if-->
      </div>
      <!--v-if-->
    </div>
    <div class=\\"var-cell\\">
      <!--v-if-->
      <div class=\\"var-cell__content\\">
        <div class=\\"var-cell__title\\">C 文本</div>
        <!--v-if-->
      </div>
      <!--v-if-->
    </div>
  </div>
  <div>
    <div class=\\"var-sticky\\" style=\\"z-index: 1; width: 0px; height: 0px;\\">
      <div class=\\"var-sticky__wrapper\\" style=\\"z-index: 1; position: fixed; width: 0px; height: 0px; left: 0px; top: 50px;\\">
        <div class=\\"var-index-anchor var-index-anchor__example\\">标题 D</div>
      </div>
    </div>
    <div class=\\"var-cell\\">
      <!--v-if-->
      <div class=\\"var-cell__content\\">
        <div class=\\"var-cell__title\\">D 文本</div>
        <!--v-if-->
      </div>
      <!--v-if-->
    </div>
    <div class=\\"var-cell\\">
      <!--v-if-->
      <div class=\\"var-cell__content\\">
        <div class=\\"var-cell__title\\">D 文本</div>
        <!--v-if-->
      </div>
      <!--v-if-->
    </div>
  </div>
  <div>
    <div class=\\"var-sticky\\" style=\\"z-index: 1; width: 0px; height: 0px;\\">
      <div class=\\"var-sticky__wrapper\\" style=\\"z-index: 1; position: fixed; width: 0px; height: 0px; left: 0px; top: 50px;\\">
        <div class=\\"var-index-anchor var-index-anchor__example\\">标题 E</div>
      </div>
    </div>
    <div class=\\"var-cell\\">
      <!--v-if-->
      <div class=\\"var-cell__content\\">
        <div class=\\"var-cell__title\\">E 文本</div>
        <!--v-if-->
      </div>
      <!--v-if-->
    </div>
    <div class=\\"var-cell\\">
      <!--v-if-->
      <div class=\\"var-cell__content\\">
        <div class=\\"var-cell__title\\">E 文本</div>
        <!--v-if-->
      </div>
      <!--v-if-->
    </div>
  </div>
  <div>
    <div class=\\"var-sticky\\" style=\\"z-index: 1; width: 0px; height: 0px;\\">
      <div class=\\"var-sticky__wrapper\\" style=\\"z-index: 1; position: fixed; width: 0px; height: 0px; left: 0px; top: 50px;\\">
        <div class=\\"var-index-anchor var-index-anchor__example\\">标题 F</div>
      </div>
    </div>
    <div class=\\"var-cell\\">
      <!--v-if-->
      <div class=\\"var-cell__content\\">
        <div class=\\"var-cell__title\\">F 文本</div>
        <!--v-if-->
      </div>
      <!--v-if-->
    </div>
    <div class=\\"var-cell\\">
      <!--v-if-->
      <div class=\\"var-cell__content\\">
        <div class=\\"var-cell__title\\">F 文本</div>
        <!--v-if-->
      </div>
      <!--v-if-->
    </div>
  </div>
  <div>
    <div class=\\"var-sticky\\" style=\\"z-index: 1; width: 0px; height: 0px;\\">
      <div class=\\"var-sticky__wrapper\\" style=\\"z-index: 1; position: fixed; width: 0px; height: 0px; left: 0px; top: 50px;\\">
        <div class=\\"var-index-anchor var-index-anchor__example\\">标题 G</div>
      </div>
    </div>
    <div class=\\"var-cell\\">
      <!--v-if-->
      <div class=\\"var-cell__content\\">
        <div class=\\"var-cell__title\\">G 文本</div>
        <!--v-if-->
      </div>
      <!--v-if-->
    </div>
    <div class=\\"var-cell\\">
      <!--v-if-->
      <div class=\\"var-cell__content\\">
        <div class=\\"var-cell__title\\">G 文本</div>
        <!--v-if-->
      </div>
      <!--v-if-->
    </div>
  </div>
  <div>
    <div class=\\"var-sticky\\" style=\\"z-index: 1; width: 0px; height: 0px;\\">
      <div class=\\"var-sticky__wrapper\\" style=\\"z-index: 1; position: fixed; width: 0px; height: 0px; left: 0px; top: 50px;\\">
        <div class=\\"var-index-anchor var-index-anchor__example\\">标题 H</div>
      </div>
    </div>
    <div class=\\"var-cell\\">
      <!--v-if-->
      <div class=\\"var-cell__content\\">
        <div class=\\"var-cell__title\\">H 文本</div>
        <!--v-if-->
      </div>
      <!--v-if-->
    </div>
    <div class=\\"var-cell\\">
      <!--v-if-->
      <div class=\\"var-cell__content\\">
        <div class=\\"var-cell__title\\">H 文本</div>
        <!--v-if-->
      </div>
      <!--v-if-->
    </div>
  </div>
  <div>
    <div class=\\"var-sticky\\" style=\\"z-index: 1; width: 0px; height: 0px;\\">
      <div class=\\"var-sticky__wrapper\\" style=\\"z-index: 1; position: fixed; width: 0px; height: 0px; left: 0px; top: 50px;\\">
        <div class=\\"var-index-anchor var-index-anchor__example\\">标题 I</div>
      </div>
    </div>
    <div class=\\"var-cell\\">
      <!--v-if-->
      <div class=\\"var-cell__content\\">
        <div class=\\"var-cell__title\\">I 文本</div>
        <!--v-if-->
      </div>
      <!--v-if-->
    </div>
    <div class=\\"var-cell\\">
      <!--v-if-->
      <div class=\\"var-cell__content\\">
        <div class=\\"var-cell__title\\">I 文本</div>
        <!--v-if-->
      </div>
      <!--v-if-->
    </div>
  </div>
  <div>
    <div class=\\"var-sticky\\" style=\\"z-index: 1; width: 0px; height: 0px;\\">
      <div class=\\"var-sticky__wrapper\\" style=\\"z-index: 1; position: fixed; width: 0px; height: 0px; left: 0px; top: 50px;\\">
        <div class=\\"var-index-anchor var-index-anchor__example\\">标题 J</div>
      </div>
    </div>
    <div class=\\"var-cell\\">
      <!--v-if-->
      <div class=\\"var-cell__content\\">
        <div class=\\"var-cell__title\\">J 文本</div>
        <!--v-if-->
      </div>
      <!--v-if-->
    </div>
    <div class=\\"var-cell\\">
      <!--v-if-->
      <div class=\\"var-cell__content\\">
        <div class=\\"var-cell__title\\">J 文本</div>
        <!--v-if-->
      </div>
      <!--v-if-->
    </div>
  </div>
  <div>
    <div class=\\"var-sticky\\" style=\\"z-index: 1; width: 0px; height: 0px;\\">
      <div class=\\"var-sticky__wrapper\\" style=\\"z-index: 1; position: fixed; width: 0px; height: 0px; left: 0px; top: 50px;\\">
        <div class=\\"var-index-anchor var-index-anchor__example\\">标题 K</div>
      </div>
    </div>
    <div class=\\"var-cell\\">
      <!--v-if-->
      <div class=\\"var-cell__content\\">
        <div class=\\"var-cell__title\\">K 文本</div>
        <!--v-if-->
      </div>
      <!--v-if-->
    </div>
    <div class=\\"var-cell\\">
      <!--v-if-->
      <div class=\\"var-cell__content\\">
        <div class=\\"var-cell__title\\">K 文本</div>
        <!--v-if-->
      </div>
      <!--v-if-->
    </div>
  </div>
  <div>
    <div class=\\"var-sticky\\" style=\\"z-index: 1; width: 0px; height: 0px;\\">
      <div class=\\"var-sticky__wrapper\\" style=\\"z-index: 1; position: fixed; width: 0px; height: 0px; left: 0px; top: 50px;\\">
        <div class=\\"var-index-anchor var-index-anchor__example\\">标题 L</div>
      </div>
    </div>
    <div class=\\"var-cell\\">
      <!--v-if-->
      <div class=\\"var-cell__content\\">
        <div class=\\"var-cell__title\\">L 文本</div>
        <!--v-if-->
      </div>
      <!--v-if-->
    </div>
    <div class=\\"var-cell\\">
      <!--v-if-->
      <div class=\\"var-cell__content\\">
        <div class=\\"var-cell__title\\">L 文本</div>
        <!--v-if-->
      </div>
      <!--v-if-->
    </div>
  </div>
  <div>
    <div class=\\"var-sticky\\" style=\\"z-index: 1; width: 0px; height: 0px;\\">
      <div class=\\"var-sticky__wrapper\\" style=\\"z-index: 1; position: fixed; width: 0px; height: 0px; left: 0px; top: 50px;\\">
        <div class=\\"var-index-anchor var-index-anchor__example\\">标题 M</div>
      </div>
    </div>
    <div class=\\"var-cell\\">
      <!--v-if-->
      <div class=\\"var-cell__content\\">
        <div class=\\"var-cell__title\\">M 文本</div>
        <!--v-if-->
      </div>
      <!--v-if-->
    </div>
    <div class=\\"var-cell\\">
      <!--v-if-->
      <div class=\\"var-cell__content\\">
        <div class=\\"var-cell__title\\">M 文本</div>
        <!--v-if-->
      </div>
      <!--v-if-->
    </div>
  </div>
  <div>
    <div class=\\"var-sticky\\" style=\\"z-index: 1; width: 0px; height: 0px;\\">
      <div class=\\"var-sticky__wrapper\\" style=\\"z-index: 1; position: fixed; width: 0px; height: 0px; left: 0px; top: 50px;\\">
        <div class=\\"var-index-anchor var-index-anchor__example\\">标题 N</div>
      </div>
    </div>
    <div class=\\"var-cell\\">
      <!--v-if-->
      <div class=\\"var-cell__content\\">
        <div class=\\"var-cell__title\\">N 文本</div>
        <!--v-if-->
      </div>
      <!--v-if-->
    </div>
    <div class=\\"var-cell\\">
      <!--v-if-->
      <div class=\\"var-cell__content\\">
        <div class=\\"var-cell__title\\">N 文本</div>
        <!--v-if-->
      </div>
      <!--v-if-->
    </div>
  </div>
  <div>
    <div class=\\"var-sticky\\" style=\\"z-index: 1; width: 0px; height: 0px;\\">
      <div class=\\"var-sticky__wrapper\\" style=\\"z-index: 1; position: fixed; width: 0px; height: 0px; left: 0px; top: 50px;\\">
        <div class=\\"var-index-anchor var-index-anchor__example\\">标题 O</div>
      </div>
    </div>
    <div class=\\"var-cell\\">
      <!--v-if-->
      <div class=\\"var-cell__content\\">
        <div class=\\"var-cell__title\\">O 文本</div>
        <!--v-if-->
      </div>
      <!--v-if-->
    </div>
    <div class=\\"var-cell\\">
      <!--v-if-->
      <div class=\\"var-cell__content\\">
        <div class=\\"var-cell__title\\">O 文本</div>
        <!--v-if-->
      </div>
      <!--v-if-->
    </div>
  </div>
  <div>
    <div class=\\"var-sticky\\" style=\\"z-index: 1; width: 0px; height: 0px;\\">
      <div class=\\"var-sticky__wrapper\\" style=\\"z-index: 1; position: fixed; width: 0px; height: 0px; left: 0px; top: 50px;\\">
        <div class=\\"var-index-anchor var-index-anchor__example\\">标题 P</div>
      </div>
    </div>
    <div class=\\"var-cell\\">
      <!--v-if-->
      <div class=\\"var-cell__content\\">
        <div class=\\"var-cell__title\\">P 文本</div>
        <!--v-if-->
      </div>
      <!--v-if-->
    </div>
    <div class=\\"var-cell\\">
      <!--v-if-->
      <div class=\\"var-cell__content\\">
        <div class=\\"var-cell__title\\">P 文本</div>
        <!--v-if-->
      </div>
      <!--v-if-->
    </div>
  </div>
  <div>
    <div class=\\"var-sticky\\" style=\\"z-index: 1; width: 0px; height: 0px;\\">
      <div class=\\"var-sticky__wrapper\\" style=\\"z-index: 1; position: fixed; width: 0px; height: 0px; left: 0px; top: 50px;\\">
        <div class=\\"var-index-anchor var-index-anchor__example\\">标题 Q</div>
      </div>
    </div>
    <div class=\\"var-cell\\">
      <!--v-if-->
      <div class=\\"var-cell__content\\">
        <div class=\\"var-cell__title\\">Q 文本</div>
        <!--v-if-->
      </div>
      <!--v-if-->
    </div>
    <div class=\\"var-cell\\">
      <!--v-if-->
      <div class=\\"var-cell__content\\">
        <div class=\\"var-cell__title\\">Q 文本</div>
        <!--v-if-->
      </div>
      <!--v-if-->
    </div>
  </div>
  <div>
    <div class=\\"var-sticky\\" style=\\"z-index: 1; width: 0px; height: 0px;\\">
      <div class=\\"var-sticky__wrapper\\" style=\\"z-index: 1; position: fixed; width: 0px; height: 0px; left: 0px; top: 50px;\\">
        <div class=\\"var-index-anchor var-index-anchor__example\\">标题 R</div>
      </div>
    </div>
    <div class=\\"var-cell\\">
      <!--v-if-->
      <div class=\\"var-cell__content\\">
        <div class=\\"var-cell__title\\">R 文本</div>
        <!--v-if-->
      </div>
      <!--v-if-->
    </div>
    <div class=\\"var-cell\\">
      <!--v-if-->
      <div class=\\"var-cell__content\\">
        <div class=\\"var-cell__title\\">R 文本</div>
        <!--v-if-->
      </div>
      <!--v-if-->
    </div>
  </div>
  <div>
    <div class=\\"var-sticky\\" style=\\"z-index: 1; width: 0px; height: 0px;\\">
      <div class=\\"var-sticky__wrapper\\" style=\\"z-index: 1; position: fixed; width: 0px; height: 0px; left: 0px; top: 50px;\\">
        <div class=\\"var-index-anchor var-index-anchor__example\\">标题 S</div>
      </div>
    </div>
    <div class=\\"var-cell\\">
      <!--v-if-->
      <div class=\\"var-cell__content\\">
        <div class=\\"var-cell__title\\">S 文本</div>
        <!--v-if-->
      </div>
      <!--v-if-->
    </div>
    <div class=\\"var-cell\\">
      <!--v-if-->
      <div class=\\"var-cell__content\\">
        <div class=\\"var-cell__title\\">S 文本</div>
        <!--v-if-->
      </div>
      <!--v-if-->
    </div>
  </div>
  <div>
    <div class=\\"var-sticky\\" style=\\"z-index: 1; width: 0px; height: 0px;\\">
      <div class=\\"var-sticky__wrapper\\" style=\\"z-index: 1; position: fixed; width: 0px; height: 0px; left: 0px; top: 50px;\\">
        <div class=\\"var-index-anchor var-index-anchor__example\\">标题 T</div>
      </div>
    </div>
    <div class=\\"var-cell\\">
      <!--v-if-->
      <div class=\\"var-cell__content\\">
        <div class=\\"var-cell__title\\">T 文本</div>
        <!--v-if-->
      </div>
      <!--v-if-->
    </div>
    <div class=\\"var-cell\\">
      <!--v-if-->
      <div class=\\"var-cell__content\\">
        <div class=\\"var-cell__title\\">T 文本</div>
        <!--v-if-->
      </div>
      <!--v-if-->
    </div>
  </div>
  <div>
    <div class=\\"var-sticky\\" style=\\"z-index: 1; width: 0px; height: 0px;\\">
      <div class=\\"var-sticky__wrapper\\" style=\\"z-index: 1; position: fixed; width: 0px; height: 0px; left: 0px; top: 50px;\\">
        <div class=\\"var-index-anchor var-index-anchor__example\\">标题 U</div>
      </div>
    </div>
    <div class=\\"var-cell\\">
      <!--v-if-->
      <div class=\\"var-cell__content\\">
        <div class=\\"var-cell__title\\">U 文本</div>
        <!--v-if-->
      </div>
      <!--v-if-->
    </div>
    <div class=\\"var-cell\\">
      <!--v-if-->
      <div class=\\"var-cell__content\\">
        <div class=\\"var-cell__title\\">U 文本</div>
        <!--v-if-->
      </div>
      <!--v-if-->
    </div>
  </div>
  <div>
    <div class=\\"var-sticky\\" style=\\"z-index: 1; width: 0px; height: 0px;\\">
      <div class=\\"var-sticky__wrapper\\" style=\\"z-index: 1; position: fixed; width: 0px; height: 0px; left: 0px; top: 50px;\\">
        <div class=\\"var-index-anchor var-index-anchor__example\\">标题 V</div>
      </div>
    </div>
    <div class=\\"var-cell\\">
      <!--v-if-->
      <div class=\\"var-cell__content\\">
        <div class=\\"var-cell__title\\">V 文本</div>
        <!--v-if-->
      </div>
      <!--v-if-->
    </div>
    <div class=\\"var-cell\\">
      <!--v-if-->
      <div class=\\"var-cell__content\\">
        <div class=\\"var-cell__title\\">V 文本</div>
        <!--v-if-->
      </div>
      <!--v-if-->
    </div>
  </div>
  <div>
    <div class=\\"var-sticky\\" style=\\"z-index: 1; width: 0px; height: 0px;\\">
      <div class=\\"var-sticky__wrapper\\" style=\\"z-index: 1; position: fixed; width: 0px; height: 0px; left: 0px; top: 50px;\\">
        <div class=\\"var-index-anchor var-index-anchor__example\\">标题 W</div>
      </div>
    </div>
    <div class=\\"var-cell\\">
      <!--v-if-->
      <div class=\\"var-cell__content\\">
        <div class=\\"var-cell__title\\">W 文本</div>
        <!--v-if-->
      </div>
      <!--v-if-->
    </div>
    <div class=\\"var-cell\\">
      <!--v-if-->
      <div class=\\"var-cell__content\\">
        <div class=\\"var-cell__title\\">W 文本</div>
        <!--v-if-->
      </div>
      <!--v-if-->
    </div>
  </div>
  <div>
    <div class=\\"var-sticky\\" style=\\"z-index: 1; width: 0px; height: 0px;\\">
      <div class=\\"var-sticky__wrapper\\" style=\\"z-index: 1; position: fixed; width: 0px; height: 0px; left: 0px; top: 50px;\\">
        <div class=\\"var-index-anchor var-index-anchor__example\\">标题 X</div>
      </div>
    </div>
    <div class=\\"var-cell\\">
      <!--v-if-->
      <div class=\\"var-cell__content\\">
        <div class=\\"var-cell__title\\">X 文本</div>
        <!--v-if-->
      </div>
      <!--v-if-->
    </div>
    <div class=\\"var-cell\\">
      <!--v-if-->
      <div class=\\"var-cell__content\\">
        <div class=\\"var-cell__title\\">X 文本</div>
        <!--v-if-->
      </div>
      <!--v-if-->
    </div>
  </div>
  <div>
    <div class=\\"var-sticky\\" style=\\"z-index: 1; width: 0px; height: 0px;\\">
      <div class=\\"var-sticky__wrapper\\" style=\\"z-index: 1; position: fixed; width: 0px; height: 0px; left: 0px; top: 50px;\\">
        <div class=\\"var-index-anchor var-index-anchor__example\\">标题 Y</div>
      </div>
    </div>
    <div class=\\"var-cell\\">
      <!--v-if-->
      <div class=\\"var-cell__content\\">
        <div class=\\"var-cell__title\\">Y 文本</div>
        <!--v-if-->
      </div>
      <!--v-if-->
    </div>
    <div class=\\"var-cell\\">
      <!--v-if-->
      <div class=\\"var-cell__content\\">
        <div class=\\"var-cell__title\\">Y 文本</div>
        <!--v-if-->
      </div>
      <!--v-if-->
    </div>
  </div>
  <div>
    <div class=\\"var-sticky\\" style=\\"z-index: 1; width: 0px; height: 0px;\\">
      <div class=\\"var-sticky__wrapper\\" style=\\"z-index: 1; position: fixed; width: 0px; height: 0px; left: 0px; top: 50px;\\">
        <div class=\\"var-index-anchor var-index-anchor__example\\">标题 Z</div>
      </div>
    </div>
    <div class=\\"var-cell\\">
      <!--v-if-->
      <div class=\\"var-cell__content\\">
        <div class=\\"var-cell__title\\">Z 文本</div>
        <!--v-if-->
      </div>
      <!--v-if-->
    </div>
    <div class=\\"var-cell\\">
      <!--v-if-->
      <div class=\\"var-cell__content\\">
        <div class=\\"var-cell__title\\">Z 文本</div>
        <!--v-if-->
      </div>
      <!--v-if-->
    </div>
  </div>
  <ul class=\\"var-index-bar__anchor-list\\" style=\\"z-index: 3; display: block;\\">
    <li class=\\"var-index-bar__anchor-item\\">A</li>
    <li class=\\"var-index-bar__anchor-item\\">B</li>
    <li class=\\"var-index-bar__anchor-item\\">C</li>
    <li class=\\"var-index-bar__anchor-item\\">D</li>
    <li class=\\"var-index-bar__anchor-item\\">E</li>
    <li class=\\"var-index-bar__anchor-item\\">F</li>
    <li class=\\"var-index-bar__anchor-item\\">G</li>
    <li class=\\"var-index-bar__anchor-item\\">H</li>
    <li class=\\"var-index-bar__anchor-item\\">I</li>
    <li class=\\"var-index-bar__anchor-item\\">J</li>
    <li class=\\"var-index-bar__anchor-item\\">K</li>
    <li class=\\"var-index-bar__anchor-item\\">L</li>
    <li class=\\"var-index-bar__anchor-item\\">M</li>
    <li class=\\"var-index-bar__anchor-item\\">N</li>
    <li class=\\"var-index-bar__anchor-item\\">O</li>
    <li class=\\"var-index-bar__anchor-item\\">P</li>
    <li class=\\"var-index-bar__anchor-item\\">Q</li>
    <li class=\\"var-index-bar__anchor-item\\">R</li>
    <li class=\\"var-index-bar__anchor-item\\">S</li>
    <li class=\\"var-index-bar__anchor-item\\">T</li>
    <li class=\\"var-index-bar__anchor-item\\">U</li>
    <li class=\\"var-index-bar__anchor-item\\">V</li>
    <li class=\\"var-index-bar__anchor-item\\">W</li>
    <li class=\\"var-index-bar__anchor-item\\">X</li>
    <li class=\\"var-index-bar__anchor-item\\">Y</li>
    <li class=\\"var-index-bar__anchor-item\\">Z</li>
  </ul>
</div>"
`;
