// Vitest Snapshot v1, https://vitest.dev/guide/snapshot.html

exports[`signature base function 1`] = `"<div class=\\"var-signature\\"></div>"`;
