// Vitest Snapshot v1

exports[`test action-sheet styles 1`] = `
"<transition-stub>
  <div class=\\"var--box var-popup\\" style=\\"z-index: 1998; display: none;\\">
    <div class=\\"var-popup__overlay\\" style=\\"z-index: 1999;\\"></div>
    <transition-stub>
      <!---->
    </transition-stub>
  </div>
</transition-stub>"
`;
