// Vitest Snapshot v1, https://vitest.dev/guide/snapshot.html

exports[`test safe area 1`] = `"<div data-v-app=""><!--teleport start--><!--teleport end--></div><div class="var--box var-popup var-fade-enter-from var-fade-enter-active" style="z-index: 1998;"><div class="var-popup__overlay" style="z-index: 1999;"></div><div class="var-popup__content var-popup--bottom var-popup--content-background-color var-elevation--3 var-popup--safe-area var-action-sheet__popup-radius var-pop-bottom-enter-from var-pop-bottom-enter-active" style="z-index: 2000;"><div class="var-action-sheet var--box"><div class="var-action-sheet__title">请选择</div><div class="var-action-sheet__action-item"><!--v-if--><div class="var-action-sheet__action-name">Item 01</div></div></div></div></div>"`;
