// Vitest Snapshot v1, https://vitest.dev/guide/snapshot.html

exports[`test dateTimePicker style and date > test dateTimePicker style and date 1`] = `
"<div class=\\"var-date-time-picker\\">
  <var-tabs-items active=\\"0\\">
    <var-tab-item>
      <div class=\\"var-date-picker\\">
        <div class=\\"var-date-picker__title\\">
          <div class=\\"var-date-picker__title-year\\">2021</div>
          <div class=\\"var-date-picker__title-date var-date-picker__title-date--active\\">
            <transition-stub name=\\"var-date-picker-translatey\\" appear=\\"false\\" persisted=\\"false\\" css=\\"true\\">
              <div>04-08 星期四</div>
            </transition-stub>
          </div>
        </div>
        <div class=\\"var-date-picker__body\\">
          <transition-stub name=\\"var-date-picker-panel-fade\\" appear=\\"false\\" persisted=\\"false\\" css=\\"true\\">
            <div class=\\"var-day-picker\\">
              <div class=\\"var-day-picker__content\\">
                <div class=\\"var-picker-header\\"><button class=\\"var-button var--box var-button--normal var--inline-flex var-button--text-default var-button--text var-button--round\\" style=\\"filter: opacity(0.54);\\" type=\\"button\\">
                    <!--v-if-->
                    <div class=\\"var-button__content\\"><i class=\\"var-icon var-icon--set var-icon-chevron-left\\" style=\\"transition-duration: 0ms;\\"></i></div>
                    <div class=\\"var-hover-overlay\\"></div>
                  </button>
                  <div class=\\"var-picker-header__value\\">
                    <transition-stub name=\\"var-date-picker-translatex\\" appear=\\"false\\" persisted=\\"false\\" css=\\"true\\">
                      <div>2021 四月</div>
                    </transition-stub>
                  </div><button class=\\"var-button var--box var-button--normal var--inline-flex var-button--text-default var-button--text var-button--round\\" style=\\"filter: opacity(0.54);\\" type=\\"button\\">
                    <!--v-if-->
                    <div class=\\"var-button__content\\"><i class=\\"var-icon var-icon--set var-icon-chevron-right\\" style=\\"transition-duration: 0ms;\\"></i></div>
                    <div class=\\"var-hover-overlay\\"></div>
                  </button>
                </div>
                <transition-stub name=\\"var-date-picker-translatex\\" appear=\\"false\\" persisted=\\"false\\" css=\\"true\\">
                  <div>
                    <ul class=\\"var-day-picker__head\\">
                      <li>日</li>
                      <li>一</li>
                      <li>二</li>
                      <li>三</li>
                      <li>四</li>
                      <li>五</li>
                      <li>六</li>
                    </ul>
                    <ul class=\\"var-day-picker__body\\">
                      <li><button class=\\"var-button var--box var-button--normal var--inline-flex var-button--disabled var-button--text-primary var-button--text var-button--text-disabled var-button--round var-day-picker__button\\" type=\\"button\\" disabled=\\"\\" var-day-picker-cover=\\"\\">
                          <!--v-if-->
                          <div class=\\"var-button__content\\"></div>
                          <div class=\\"var-hover-overlay\\"></div>
                        </button></li>
                      <li><button class=\\"var-button var--box var-button--normal var--inline-flex var-button--disabled var-button--text-primary var-button--text var-button--text-disabled var-button--round var-day-picker__button\\" type=\\"button\\" disabled=\\"\\" var-day-picker-cover=\\"\\">
                          <!--v-if-->
                          <div class=\\"var-button__content\\"></div>
                          <div class=\\"var-hover-overlay\\"></div>
                        </button></li>
                      <li><button class=\\"var-button var--box var-button--normal var--inline-flex var-button--disabled var-button--text-primary var-button--text var-button--text-disabled var-button--round var-day-picker__button\\" type=\\"button\\" disabled=\\"\\" var-day-picker-cover=\\"\\">
                          <!--v-if-->
                          <div class=\\"var-button__content\\"></div>
                          <div class=\\"var-hover-overlay\\"></div>
                        </button></li>
                      <li><button class=\\"var-button var--box var-button--normal var--inline-flex var-button--disabled var-button--text-primary var-button--text var-button--text-disabled var-button--round var-day-picker__button\\" type=\\"button\\" disabled=\\"\\" var-day-picker-cover=\\"\\">
                          <!--v-if-->
                          <div class=\\"var-button__content\\"></div>
                          <div class=\\"var-hover-overlay\\"></div>
                        </button></li>
                      <li><button class=\\"var-button var--box var-button--normal var--inline-flex var-button--text-primary var-button--text var-button--round var-day-picker__button var-day-picker__button--usable\\" type=\\"button\\" var-day-picker-cover=\\"\\" var-date-picker-color-cover=\\"true\\">
                          <!--v-if-->
                          <div class=\\"var-button__content\\">1</div>
                          <div class=\\"var-hover-overlay\\"></div>
                        </button></li>
                      <li><button class=\\"var-button var--box var-button--normal var--inline-flex var-button--text-primary var-button--text var-button--round var-day-picker__button var-day-picker__button--usable\\" type=\\"button\\" var-day-picker-cover=\\"\\" var-date-picker-color-cover=\\"true\\">
                          <!--v-if-->
                          <div class=\\"var-button__content\\">2</div>
                          <div class=\\"var-hover-overlay\\"></div>
                        </button></li>
                      <li><button class=\\"var-button var--box var-button--normal var--inline-flex var-button--text-primary var-button--text var-button--round var-day-picker__button var-day-picker__button--usable\\" type=\\"button\\" var-day-picker-cover=\\"\\" var-date-picker-color-cover=\\"true\\">
                          <!--v-if-->
                          <div class=\\"var-button__content\\">3</div>
                          <div class=\\"var-hover-overlay\\"></div>
                        </button></li>
                      <li><button class=\\"var-button var--box var-button--normal var--inline-flex var-button--text-primary var-button--text var-button--round var-day-picker__button var-day-picker__button--usable\\" type=\\"button\\" var-day-picker-cover=\\"\\" var-date-picker-color-cover=\\"true\\">
                          <!--v-if-->
                          <div class=\\"var-button__content\\">4</div>
                          <div class=\\"var-hover-overlay\\"></div>
                        </button></li>
                      <li><button class=\\"var-button var--box var-button--normal var--inline-flex var-button--text-primary var-button--text var-button--round var-day-picker__button var-day-picker__button--usable\\" type=\\"button\\" var-day-picker-cover=\\"\\" var-date-picker-color-cover=\\"true\\">
                          <!--v-if-->
                          <div class=\\"var-button__content\\">5</div>
                          <div class=\\"var-hover-overlay\\"></div>
                        </button></li>
                      <li><button class=\\"var-button var--box var-button--normal var--inline-flex var-button--text-primary var-button--text var-button--round var-day-picker__button var-day-picker__button--usable\\" type=\\"button\\" var-day-picker-cover=\\"\\" var-date-picker-color-cover=\\"true\\">
                          <!--v-if-->
                          <div class=\\"var-button__content\\">6</div>
                          <div class=\\"var-hover-overlay\\"></div>
                        </button></li>
                      <li><button class=\\"var-button var--box var-button--normal var--inline-flex var-button--text-primary var-button--text var-button--round var-day-picker__button var-day-picker__button--usable\\" type=\\"button\\" var-day-picker-cover=\\"\\" var-date-picker-color-cover=\\"true\\">
                          <!--v-if-->
                          <div class=\\"var-button__content\\">7</div>
                          <div class=\\"var-hover-overlay\\"></div>
                        </button></li>
                      <li><button class=\\"var-button var--box var-button--normal var--inline-flex var-button--primary var-elevation--2 var-button--round var-day-picker__button var-day-picker__button--usable\\" type=\\"button\\" var-day-picker-cover=\\"\\" var-date-picker-color-cover=\\"false\\">
                          <!--v-if-->
                          <div class=\\"var-button__content\\">8</div>
                          <div class=\\"var-hover-overlay\\"></div>
                        </button></li>
                      <li><button class=\\"var-button var--box var-button--normal var--inline-flex var-button--text-primary var-button--text var-button--round var-day-picker__button var-day-picker__button--usable\\" type=\\"button\\" var-day-picker-cover=\\"\\" var-date-picker-color-cover=\\"true\\">
                          <!--v-if-->
                          <div class=\\"var-button__content\\">9</div>
                          <div class=\\"var-hover-overlay\\"></div>
                        </button></li>
                      <li><button class=\\"var-button var--box var-button--normal var--inline-flex var-button--text-primary var-button--text var-button--round var-day-picker__button var-day-picker__button--usable\\" type=\\"button\\" var-day-picker-cover=\\"\\" var-date-picker-color-cover=\\"true\\">
                          <!--v-if-->
                          <div class=\\"var-button__content\\">10</div>
                          <div class=\\"var-hover-overlay\\"></div>
                        </button></li>
                      <li><button class=\\"var-button var--box var-button--normal var--inline-flex var-button--text-primary var-button--text var-button--round var-day-picker__button var-day-picker__button--usable\\" type=\\"button\\" var-day-picker-cover=\\"\\" var-date-picker-color-cover=\\"true\\">
                          <!--v-if-->
                          <div class=\\"var-button__content\\">11</div>
                          <div class=\\"var-hover-overlay\\"></div>
                        </button></li>
                      <li><button class=\\"var-button var--box var-button--normal var--inline-flex var-button--text-primary var-button--text var-button--round var-day-picker__button var-day-picker__button--usable\\" type=\\"button\\" var-day-picker-cover=\\"\\" var-date-picker-color-cover=\\"true\\">
                          <!--v-if-->
                          <div class=\\"var-button__content\\">12</div>
                          <div class=\\"var-hover-overlay\\"></div>
                        </button></li>
                      <li><button class=\\"var-button var--box var-button--normal var--inline-flex var-button--text-primary var-button--text var-button--round var-day-picker__button var-day-picker__button--usable\\" type=\\"button\\" var-day-picker-cover=\\"\\" var-date-picker-color-cover=\\"true\\">
                          <!--v-if-->
                          <div class=\\"var-button__content\\">13</div>
                          <div class=\\"var-hover-overlay\\"></div>
                        </button></li>
                      <li><button class=\\"var-button var--box var-button--normal var--inline-flex var-button--text-primary var-button--text var-button--round var-day-picker__button var-day-picker__button--usable\\" type=\\"button\\" var-day-picker-cover=\\"\\" var-date-picker-color-cover=\\"true\\">
                          <!--v-if-->
                          <div class=\\"var-button__content\\">14</div>
                          <div class=\\"var-hover-overlay\\"></div>
                        </button></li>
                      <li><button class=\\"var-button var--box var-button--normal var--inline-flex var-button--text-primary var-button--text var-button--round var-day-picker__button var-day-picker__button--usable\\" type=\\"button\\" var-day-picker-cover=\\"\\" var-date-picker-color-cover=\\"true\\">
                          <!--v-if-->
                          <div class=\\"var-button__content\\">15</div>
                          <div class=\\"var-hover-overlay\\"></div>
                        </button></li>
                      <li><button class=\\"var-button var--box var-button--normal var--inline-flex var-button--text-primary var-button--text var-button--round var-day-picker__button var-day-picker__button--usable\\" type=\\"button\\" var-day-picker-cover=\\"\\" var-date-picker-color-cover=\\"true\\">
                          <!--v-if-->
                          <div class=\\"var-button__content\\">16</div>
                          <div class=\\"var-hover-overlay\\"></div>
                        </button></li>
                      <li><button class=\\"var-button var--box var-button--normal var--inline-flex var-button--text-primary var-button--text var-button--round var-day-picker__button var-day-picker__button--usable\\" type=\\"button\\" var-day-picker-cover=\\"\\" var-date-picker-color-cover=\\"true\\">
                          <!--v-if-->
                          <div class=\\"var-button__content\\">17</div>
                          <div class=\\"var-hover-overlay\\"></div>
                        </button></li>
                      <li><button class=\\"var-button var--box var-button--normal var--inline-flex var-button--text-primary var-button--text var-button--round var-day-picker__button var-day-picker__button--usable\\" type=\\"button\\" var-day-picker-cover=\\"\\" var-date-picker-color-cover=\\"true\\">
                          <!--v-if-->
                          <div class=\\"var-button__content\\">18</div>
                          <div class=\\"var-hover-overlay\\"></div>
                        </button></li>
                      <li><button class=\\"var-button var--box var-button--normal var--inline-flex var-button--text-primary var-button--text var-button--round var-day-picker__button var-day-picker__button--usable\\" type=\\"button\\" var-day-picker-cover=\\"\\" var-date-picker-color-cover=\\"true\\">
                          <!--v-if-->
                          <div class=\\"var-button__content\\">19</div>
                          <div class=\\"var-hover-overlay\\"></div>
                        </button></li>
                      <li><button class=\\"var-button var--box var-button--normal var--inline-flex var-button--text-primary var-button--text var-button--round var-day-picker__button var-day-picker__button--usable\\" type=\\"button\\" var-day-picker-cover=\\"\\" var-date-picker-color-cover=\\"true\\">
                          <!--v-if-->
                          <div class=\\"var-button__content\\">20</div>
                          <div class=\\"var-hover-overlay\\"></div>
                        </button></li>
                      <li><button class=\\"var-button var--box var-button--normal var--inline-flex var-button--text-primary var-button--text var-button--round var-day-picker__button var-day-picker__button--usable\\" type=\\"button\\" var-day-picker-cover=\\"\\" var-date-picker-color-cover=\\"true\\">
                          <!--v-if-->
                          <div class=\\"var-button__content\\">21</div>
                          <div class=\\"var-hover-overlay\\"></div>
                        </button></li>
                      <li><button class=\\"var-button var--box var-button--normal var--inline-flex var-button--text-primary var-button--text var-button--round var-day-picker__button var-day-picker__button--usable\\" type=\\"button\\" var-day-picker-cover=\\"\\" var-date-picker-color-cover=\\"true\\">
                          <!--v-if-->
                          <div class=\\"var-button__content\\">22</div>
                          <div class=\\"var-hover-overlay\\"></div>
                        </button></li>
                      <li><button class=\\"var-button var--box var-button--normal var--inline-flex var-button--text-primary var-button--text var-button--round var-day-picker__button var-day-picker__button--usable\\" type=\\"button\\" var-day-picker-cover=\\"\\" var-date-picker-color-cover=\\"true\\">
                          <!--v-if-->
                          <div class=\\"var-button__content\\">23</div>
                          <div class=\\"var-hover-overlay\\"></div>
                        </button></li>
                      <li><button class=\\"var-button var--box var-button--normal var--inline-flex var-button--text-primary var-button--text var-button--round var-day-picker__button var-day-picker__button--usable\\" type=\\"button\\" var-day-picker-cover=\\"\\" var-date-picker-color-cover=\\"true\\">
                          <!--v-if-->
                          <div class=\\"var-button__content\\">24</div>
                          <div class=\\"var-hover-overlay\\"></div>
                        </button></li>
                      <li><button class=\\"var-button var--box var-button--normal var--inline-flex var-button--text-primary var-button--text var-button--round var-day-picker__button var-day-picker__button--usable\\" type=\\"button\\" var-day-picker-cover=\\"\\" var-date-picker-color-cover=\\"true\\">
                          <!--v-if-->
                          <div class=\\"var-button__content\\">25</div>
                          <div class=\\"var-hover-overlay\\"></div>
                        </button></li>
                      <li><button class=\\"var-button var--box var-button--normal var--inline-flex var-button--text-primary var-button--text var-button--round var-day-picker__button var-day-picker__button--usable\\" type=\\"button\\" var-day-picker-cover=\\"\\" var-date-picker-color-cover=\\"true\\">
                          <!--v-if-->
                          <div class=\\"var-button__content\\">26</div>
                          <div class=\\"var-hover-overlay\\"></div>
                        </button></li>
                      <li><button class=\\"var-button var--box var-button--normal var--inline-flex var-button--text-primary var-button--text var-button--round var-day-picker__button var-day-picker__button--usable\\" type=\\"button\\" var-day-picker-cover=\\"\\" var-date-picker-color-cover=\\"true\\">
                          <!--v-if-->
                          <div class=\\"var-button__content\\">27</div>
                          <div class=\\"var-hover-overlay\\"></div>
                        </button></li>
                      <li><button class=\\"var-button var--box var-button--normal var--inline-flex var-button--text-primary var-button--text var-button--round var-day-picker__button var-day-picker__button--usable\\" type=\\"button\\" var-day-picker-cover=\\"\\" var-date-picker-color-cover=\\"true\\">
                          <!--v-if-->
                          <div class=\\"var-button__content\\">28</div>
                          <div class=\\"var-hover-overlay\\"></div>
                        </button></li>
                      <li><button class=\\"var-button var--box var-button--normal var--inline-flex var-button--text-primary var-button--text var-button--round var-day-picker__button var-day-picker__button--usable\\" type=\\"button\\" var-day-picker-cover=\\"\\" var-date-picker-color-cover=\\"true\\">
                          <!--v-if-->
                          <div class=\\"var-button__content\\">29</div>
                          <div class=\\"var-hover-overlay\\"></div>
                        </button></li>
                      <li><button class=\\"var-button var--box var-button--normal var--inline-flex var-button--text-primary var-button--text var-button--round var-day-picker__button var-day-picker__button--usable\\" type=\\"button\\" var-day-picker-cover=\\"\\" var-date-picker-color-cover=\\"true\\">
                          <!--v-if-->
                          <div class=\\"var-button__content\\">30</div>
                          <div class=\\"var-hover-overlay\\"></div>
                        </button></li>
                    </ul>
                  </div>
                </transition-stub>
              </div>
            </div>
          </transition-stub>
        </div>
      </div>
      <div class=\\"var-date-time-picker__body\\">
        <var-button text=\\"\\">cancel</var-button>
        <var-button text=\\"\\" type=\\"primary\\">next</var-button>
      </div>
    </var-tab-item>
    <var-tab-item>
      <div class=\\"var-time-picker\\">
        <div class=\\"var-time-picker__title\\">
          <div class=\\"var-time-picker__title-time\\">
            <div class=\\"var-time-picker__title-btn var-time-picker__title-btn--active\\">12</div><span>:</span>
            <div class=\\"var-time-picker__title-btn\\">22</div>
            <!--v-if-->
            <!--v-if-->
          </div>
          <div class=\\"var-time-picker__title-ampm\\">
            <div class=\\"var-time-picker__title-btn var-time-picker__title-btn--active\\">AM</div>
            <div class=\\"var-time-picker__title-btn\\">PM</div>
          </div>
        </div>
        <div class=\\"var-time-picker__body\\">
          <div class=\\"var-time-picker__clock-container\\">
            <transition-stub name=\\"var-time-picker-panel-fade\\" appear=\\"false\\" persisted=\\"false\\" css=\\"true\\">
              <div class=\\"var-time-picker__clock\\">
                <div class=\\"var-time-picker__clock-hand\\" style=\\"transform: rotate(0deg); height: calc(50% - 4px);\\"></div>
                <div class=\\"var-time-picker__clock-item var-time-picker__clock-item--active\\" style=\\"left: 50%; top: 0%;\\">12</div>
                <div class=\\"var-time-picker__clock-item\\" style=\\"left: 75%; top: 6.698729810778064%;\\">1</div>
                <div class=\\"var-time-picker__clock-item\\" style=\\"left: 93.30127018922192%; top: 25%;\\">2</div>
                <div class=\\"var-time-picker__clock-item\\" style=\\"left: 100%; top: 50%;\\">3</div>
                <div class=\\"var-time-picker__clock-item\\" style=\\"left: 93.30127018922194%; top: 74.99999999999999%;\\">4</div>
                <div class=\\"var-time-picker__clock-item\\" style=\\"left: 75.00000000000003%; top: 93.30127018922192%;\\">5</div>
                <div class=\\"var-time-picker__clock-item\\" style=\\"left: 50%; top: 100%;\\">6</div>
                <div class=\\"var-time-picker__clock-item\\" style=\\"left: 25.00000000000001%; top: 93.30127018922194%;\\">7</div>
                <div class=\\"var-time-picker__clock-item\\" style=\\"left: 6.698729810778076%; top: 75.00000000000003%;\\">8</div>
                <div class=\\"var-time-picker__clock-item\\" style=\\"left: 0%; top: 50.000000000000014%;\\">9</div>
                <div class=\\"var-time-picker__clock-item\\" style=\\"left: 6.6987298107780475%; top: 25.000000000000032%;\\">10</div>
                <div class=\\"var-time-picker__clock-item\\" style=\\"left: 24.99999999999998%; top: 6.698729810778076%;\\">11</div>
                <!--v-if-->
              </div>
            </transition-stub>
          </div>
        </div>
      </div>
      <div class=\\"var-date-time-picker__body\\">
        <var-button text=\\"\\" type=\\"primary\\">prev</var-button>
        <var-button text=\\"\\">cancel</var-button>
        <var-button text=\\"\\" type=\\"primary\\">submit</var-button>
      </div>
    </var-tab-item>
  </var-tabs-items>
</div>"
`;
